#-----------------------------------------------------------
# Webtalk v2018.3 (64-bit)
# SW Build 2405991 on Thu Dec  6 23:38:27 MST 2018
# IP Build 2404404 on Fri Dec  7 01:43:56 MST 2018
# Start of session at: Fri Mar  1 17:20:32 2019
# Process ID: 2868
# Current directory: C:/Users/Pyrospider/Documents/Shared_Work/CoreGen_Extended_Vivado/CoreGen_Extended_Vivado.sim/sim_1/behav/xsim
# Command line: wbtcv.exe -mode batch -source C:/Users/Pyrospider/Documents/Shared_Work/CoreGen_Extended_Vivado/CoreGen_Extended_Vivado.sim/sim_1/behav/xsim/xsim.dir/computer_core_1_TB_behav/webtalk/xsim_webtalk.tcl -notrace
# Log file: C:/Users/Pyrospider/Documents/Shared_Work/CoreGen_Extended_Vivado/CoreGen_Extended_Vivado.sim/sim_1/behav/xsim/webtalk.log
# Journal file: C:/Users/Pyrospider/Documents/Shared_Work/CoreGen_Extended_Vivado/CoreGen_Extended_Vivado.sim/sim_1/behav/xsim\webtalk.jou
#-----------------------------------------------------------
source C:/Users/Pyrospider/Documents/Shared_Work/CoreGen_Extended_Vivado/CoreGen_Extended_Vivado.sim/sim_1/behav/xsim/xsim.dir/computer_core_1_TB_behav/webtalk/xsim_webtalk.tcl -notrace
